../Core/Src/cwlibx.c:39:6:auto_line_wrap	16	static
../Core/Src/cwlibx.c:57:6:auto_scroll	16	static
../Core/Src/cwlibx.c:72:6:text_insertion_point	16	static
../Core/Src/cwlibx.c:124:6:inverse_text	16	static
../Core/Src/cwlibx.c:136:6:def_thick_v_bar	4	static
../Core/Src/cwlibx.c:146:6:def_thin_v_bar	4	static
../Core/Src/cwlibx.c:166:6:draw_v_bar_graph	24	static
../Core/Src/cwlibx.c:180:6:erase_v_bar_graph	24	static
../Core/Src/cwlibx.c:193:6:draw_h_bar_graph	24	static
../Core/Src/cwlibx.c:217:6:put_pixel	16	static
../Core/Src/cwlibx.c:229:6:erase_pixel	16	static
../Core/Src/cwlibx.c:252:6:lcd_soft_reset	8	static
../Core/Src/cwlibx.c:263:6:clear_display	8	static
../Core/Src/cwlibx.c:281:6:enable_backlight	16	static
../Core/Src/cwlibx.c:396:6:set_contrast	16	static
../Core/Src/cwlibx.c:414:6:disp_splash	16	static
../Core/Src/cwlibx.c:434:6:str_warper	24	static
../Core/Src/cwlibx.c:448:6:put_cursor	8	static
../Core/Src/cwlibx.c:452:6:test_font	8	static
../Core/Src/cwlibx.c:457:6:lcd_print	64	static
