../Core/Src/cwlibx.c:31:6:init_custom_character_db	8	static
../Core/Src/cwlibx.c:52:6:auto_line_wrap	16	static
../Core/Src/cwlibx.c:70:6:auto_scroll	16	static
../Core/Src/cwlibx.c:85:6:text_insertion_point	16	static
../Core/Src/cwlibx.c:138:6:inverse_text	16	static
../Core/Src/cwlibx.c:150:6:def_thick_v_bar	4	static
../Core/Src/cwlibx.c:160:6:def_thin_v_bar	4	static
../Core/Src/cwlibx.c:171:6:define_custom_character	16	static
../Core/Src/cwlibx.c:186:6:draw_v_bar_graph	24	static
../Core/Src/cwlibx.c:200:6:erase_v_bar_graph	24	static
../Core/Src/cwlibx.c:213:6:draw_h_bar_graph	24	static
../Core/Src/cwlibx.c:237:6:put_pixel	16	static
../Core/Src/cwlibx.c:249:6:erase_pixel	16	static
../Core/Src/cwlibx.c:261:6:put_byte	40	static
../Core/Src/cwlibx.c:284:6:lcd_soft_reset	8	static
../Core/Src/cwlibx.c:295:6:clear_display	8	static
../Core/Src/cwlibx.c:313:6:enable_backlight	16	static
../Core/Src/cwlibx.c:331:6:set_backlight_brightness	16	static
../Core/Src/cwlibx.c:439:6:set_contrast	16	static
../Core/Src/cwlibx.c:457:6:disp_splash	16	static
../Core/Src/cwlibx.c:477:6:str_warper	32	static
../Core/Src/cwlibx.c:504:6:put_cursor	8	static
../Core/Src/cwlibx.c:508:6:test_font	8	static
../Core/Src/cwlibx.c:513:6:lcd_print	152	static
../Core/Src/cwlibx.c:584:6:custom_character_dealer	40	static
