../Core/Src/cwlibx.c:29:10:exp	24	static
../Core/Src/cwlibx.c:37:6:gpio_custom_init	4	static
../Core/Src/cwlibx.c:61:6:init_custom_gpio_ports	40	static
../Core/Src/cwlibx.c:79:6:gpio_handler	24	static
../Core/Src/cwlibx.c:142:6:decode_convert_expand_encode	88	static
../Core/Src/cwlibx.c:198:6:init_custom_character_db	8	static
../Core/Src/cwlibx.c:219:6:auto_line_wrap	16	static
../Core/Src/cwlibx.c:237:6:auto_scroll	16	static
../Core/Src/cwlibx.c:252:6:text_insertion_point	16	static
../Core/Src/cwlibx.c:285:6:put_Ucursor	32	static
../Core/Src/cwlibx.c:339:6:test_font	8	static
../Core/Src/cwlibx.c:343:6:inverse_text	16	static
../Core/Src/cwlibx.c:361:6:def_v_bar_thickness	16	static
../Core/Src/cwlibx.c:376:6:define_custom_character	16	static
../Core/Src/cwlibx.c:389:6:draw_un_v_bar_graph	24	static
../Core/Src/cwlibx.c:430:6:draw_un_h_bar_graph	32	static
../Core/Src/cwlibx.c:453:6:put_pixel	16	static
../Core/Src/cwlibx.c:465:6:erase_pixel	16	static
../Core/Src/cwlibx.c:478:6:put_byte	40	static
../Core/Src/cwlibx.c:500:6:lcd_soft_reset	8	static
../Core/Src/cwlibx.c:511:6:clear_display	8	static
../Core/Src/cwlibx.c:529:6:enable_backlight	16	static
../Core/Src/cwlibx.c:547:6:set_backlight_brightness	16	static
../Core/Src/cwlibx.c:655:6:set_contrast	16	static
../Core/Src/cwlibx.c:673:6:disp_splash	16	static
../Core/Src/cwlibx.c:692:6:str_warper	32	static
../Core/Src/cwlibx.c:731:6:Custom_Character_masker	32	static
../Core/Src/cwlibx.c:748:6:clean_it	16	static
../Core/Src/cwlibx.c:751:6:custom_character_dealer	40	static
../Core/Src/cwlibx.c:775:6:lcd_print	264	static
