../Core/Src/cwlibx.c:39:6:auto_line_wrap	16	static
../Core/Src/cwlibx.c:57:6:auto_scroll	16	static
../Core/Src/cwlibx.c:72:6:text_insertion_point	16	static
../Core/Src/cwlibx.c:128:6:inverse_text	16	static
../Core/Src/cwlibx.c:140:6:def_thick_v_bar	4	static
../Core/Src/cwlibx.c:150:6:def_thin_v_bar	4	static
../Core/Src/cwlibx.c:170:6:draw_v_bar_graph	24	static
../Core/Src/cwlibx.c:184:6:erase_v_bar_graph	24	static
../Core/Src/cwlibx.c:197:6:draw_h_bar_graph	24	static
../Core/Src/cwlibx.c:221:6:put_pixel	16	static
../Core/Src/cwlibx.c:233:6:erase_pixel	16	static
../Core/Src/cwlibx.c:256:6:lcd_soft_reset	8	static
../Core/Src/cwlibx.c:267:6:clear_display	8	static
../Core/Src/cwlibx.c:285:6:enable_backlight	16	static
../Core/Src/cwlibx.c:400:6:set_contrast	16	static
../Core/Src/cwlibx.c:418:6:disp_splash	16	static
../Core/Src/cwlibx.c:438:6:str_warper	24	static
../Core/Src/cwlibx.c:452:6:put_cursor	8	static
../Core/Src/cwlibx.c:456:6:test_font	8	static
../Core/Src/cwlibx.c:461:6:lcd_print	64	static
