../Core/Src/cwlibx.c:28:10:exp	24	static
../Core/Src/cwlibx.c:41:6:decode_convert_expand_encode	88	static
../Core/Src/cwlibx.c:101:6:init_custom_character_db	8	static
../Core/Src/cwlibx.c:122:6:auto_line_wrap	16	static
../Core/Src/cwlibx.c:140:6:auto_scroll	16	static
../Core/Src/cwlibx.c:155:6:text_insertion_point	16	static
../Core/Src/cwlibx.c:208:6:inverse_text	16	static
../Core/Src/cwlibx.c:220:6:def_thick_v_bar	4	static
../Core/Src/cwlibx.c:230:6:def_thin_v_bar	4	static
../Core/Src/cwlibx.c:241:6:define_custom_character	16	static
../Core/Src/cwlibx.c:254:6:draw_v_bar_graph	24	static
../Core/Src/cwlibx.c:268:6:erase_v_bar_graph	24	static
../Core/Src/cwlibx.c:281:6:draw_h_bar_graph	24	static
../Core/Src/cwlibx.c:305:6:put_pixel	16	static
../Core/Src/cwlibx.c:317:6:erase_pixel	16	static
../Core/Src/cwlibx.c:329:6:put_byte	40	static
../Core/Src/cwlibx.c:352:6:lcd_soft_reset	8	static
../Core/Src/cwlibx.c:363:6:clear_display	8	static
../Core/Src/cwlibx.c:381:6:enable_backlight	16	static
../Core/Src/cwlibx.c:399:6:set_backlight_brightness	16	static
../Core/Src/cwlibx.c:507:6:set_contrast	16	static
../Core/Src/cwlibx.c:525:6:disp_splash	16	static
../Core/Src/cwlibx.c:545:6:str_warper	32	static
../Core/Src/cwlibx.c:572:6:put_cursor	8	static
../Core/Src/cwlibx.c:576:6:test_font	8	static
../Core/Src/cwlibx.c:581:6:lcd_print	152	static
../Core/Src/cwlibx.c:652:6:custom_character_dealer	40	static
