../Core/Src/cwlibx.c:29:10:exp	24	static
../Core/Src/cwlibx.c:38:13:init_custom_gpio_ports	40	static
../Core/Src/cwlibx.c:60:6:decode_convert_expand_encode	88	static
../Core/Src/cwlibx.c:120:6:init_custom_character_db	8	static
../Core/Src/cwlibx.c:141:6:auto_line_wrap	16	static
../Core/Src/cwlibx.c:159:6:auto_scroll	16	static
../Core/Src/cwlibx.c:174:6:text_insertion_point	16	static
../Core/Src/cwlibx.c:208:6:put_Ucursor	32	static
../Core/Src/cwlibx.c:248:6:test_font	8	static
../Core/Src/cwlibx.c:252:6:inverse_text	16	static
../Core/Src/cwlibx.c:270:6:def_v_bar_thickness	16	static
../Core/Src/cwlibx.c:285:6:define_custom_character	16	static
../Core/Src/cwlibx.c:298:6:draw_un_v_bar_graph	24	static
../Core/Src/cwlibx.c:339:6:draw_un_h_bar_graph	32	static
../Core/Src/cwlibx.c:363:6:put_pixel	16	static
../Core/Src/cwlibx.c:375:6:erase_pixel	16	static
../Core/Src/cwlibx.c:387:6:put_byte	40	static
../Core/Src/cwlibx.c:410:6:lcd_soft_reset	8	static
../Core/Src/cwlibx.c:421:6:clear_display	8	static
../Core/Src/cwlibx.c:439:6:enable_backlight	16	static
../Core/Src/cwlibx.c:457:6:set_backlight_brightness	16	static
../Core/Src/cwlibx.c:565:6:set_contrast	16	static
../Core/Src/cwlibx.c:583:6:disp_splash	16	static
../Core/Src/cwlibx.c:603:6:str_warper	32	static
../Core/Src/cwlibx.c:631:6:Custom_Character_masker	32	static
../Core/Src/cwlibx.c:648:6:clean_it	16	static
../Core/Src/cwlibx.c:651:6:custom_character_dealer	40	static
../Core/Src/cwlibx.c:675:6:lcd_print	264	static
