../Core/Src/cwlibx.c:29:10:exp	24	static
../Core/Src/cwlibx.c:37:6:gpio_custom_init	4	static
../Core/Src/cwlibx.c:61:6:init_custom_gpio_ports	40	static
../Core/Src/cwlibx.c:78:6:gpio_handler	24	static
../Core/Src/cwlibx.c:136:6:decode_convert_expand_encode	88	static
../Core/Src/cwlibx.c:196:6:init_custom_character_db	8	static
../Core/Src/cwlibx.c:217:6:auto_line_wrap	16	static
../Core/Src/cwlibx.c:235:6:auto_scroll	16	static
../Core/Src/cwlibx.c:250:6:text_insertion_point	16	static
../Core/Src/cwlibx.c:284:6:put_Ucursor	32	static
../Core/Src/cwlibx.c:324:6:test_font	8	static
../Core/Src/cwlibx.c:328:6:inverse_text	16	static
../Core/Src/cwlibx.c:346:6:def_v_bar_thickness	16	static
../Core/Src/cwlibx.c:361:6:define_custom_character	16	static
../Core/Src/cwlibx.c:374:6:draw_un_v_bar_graph	24	static
../Core/Src/cwlibx.c:415:6:draw_un_h_bar_graph	32	static
../Core/Src/cwlibx.c:439:6:put_pixel	16	static
../Core/Src/cwlibx.c:451:6:erase_pixel	16	static
../Core/Src/cwlibx.c:463:6:put_byte	40	static
../Core/Src/cwlibx.c:486:6:lcd_soft_reset	8	static
../Core/Src/cwlibx.c:497:6:clear_display	8	static
../Core/Src/cwlibx.c:515:6:enable_backlight	16	static
../Core/Src/cwlibx.c:533:6:set_backlight_brightness	16	static
../Core/Src/cwlibx.c:641:6:set_contrast	16	static
../Core/Src/cwlibx.c:659:6:disp_splash	16	static
../Core/Src/cwlibx.c:679:6:str_warper	32	static
../Core/Src/cwlibx.c:707:6:Custom_Character_masker	32	static
../Core/Src/cwlibx.c:724:6:clean_it	16	static
../Core/Src/cwlibx.c:727:6:custom_character_dealer	40	static
../Core/Src/cwlibx.c:751:6:lcd_print	264	static
