../Core/Src/cwlibx.c:28:10:exp	24	static
../Core/Src/cwlibx.c:41:6:decode_convert_expand_encode	88	static
../Core/Src/cwlibx.c:101:6:init_custom_character_db	8	static
../Core/Src/cwlibx.c:122:6:auto_line_wrap	16	static
../Core/Src/cwlibx.c:140:6:auto_scroll	16	static
../Core/Src/cwlibx.c:155:6:text_insertion_point	16	static
../Core/Src/cwlibx.c:189:6:put_Ucursor	32	static
../Core/Src/cwlibx.c:229:6:test_font	8	static
../Core/Src/cwlibx.c:233:6:inverse_text	16	static
../Core/Src/cwlibx.c:245:6:def_thick_v_bar	4	static
../Core/Src/cwlibx.c:255:6:def_thin_v_bar	4	static
../Core/Src/cwlibx.c:266:6:define_custom_character	16	static
../Core/Src/cwlibx.c:279:6:draw_un_v_bar_graph	24	static
../Core/Src/cwlibx.c:315:6:draw_h_bar_graph	24	static
../Core/Src/cwlibx.c:339:6:put_pixel	16	static
../Core/Src/cwlibx.c:351:6:erase_pixel	16	static
../Core/Src/cwlibx.c:363:6:put_byte	40	static
../Core/Src/cwlibx.c:386:6:lcd_soft_reset	8	static
../Core/Src/cwlibx.c:397:6:clear_display	8	static
../Core/Src/cwlibx.c:415:6:enable_backlight	16	static
../Core/Src/cwlibx.c:433:6:set_backlight_brightness	16	static
../Core/Src/cwlibx.c:541:6:set_contrast	16	static
../Core/Src/cwlibx.c:559:6:disp_splash	16	static
../Core/Src/cwlibx.c:579:6:str_warper	32	static
../Core/Src/cwlibx.c:607:6:Custom_Character_masker	32	static
../Core/Src/cwlibx.c:624:6:clean_it	16	static
../Core/Src/cwlibx.c:627:6:custom_character_dealer	40	static
../Core/Src/cwlibx.c:651:6:lcd_print	264	static
