../Core/Src/cwlibx.c:40:6:auto_line_wrap	16	static
../Core/Src/cwlibx.c:58:6:auto_scroll	16	static
../Core/Src/cwlibx.c:73:6:text_insertion_point	16	static
../Core/Src/cwlibx.c:126:6:inverse_text	16	static
../Core/Src/cwlibx.c:138:6:def_thick_v_bar	4	static
../Core/Src/cwlibx.c:148:6:def_thin_v_bar	4	static
../Core/Src/cwlibx.c:168:6:draw_v_bar_graph	24	static
../Core/Src/cwlibx.c:182:6:erase_v_bar_graph	24	static
../Core/Src/cwlibx.c:195:6:draw_h_bar_graph	24	static
../Core/Src/cwlibx.c:219:6:put_pixel	16	static
../Core/Src/cwlibx.c:231:6:erase_pixel	16	static
../Core/Src/cwlibx.c:254:6:lcd_soft_reset	8	static
../Core/Src/cwlibx.c:265:6:clear_display	8	static
../Core/Src/cwlibx.c:283:6:enable_backlight	16	static
../Core/Src/cwlibx.c:398:6:set_contrast	16	static
../Core/Src/cwlibx.c:416:6:disp_splash	16	static
../Core/Src/cwlibx.c:436:6:str_warper	32	static
../Core/Src/cwlibx.c:463:6:put_cursor	8	static
../Core/Src/cwlibx.c:467:6:test_font	8	static
../Core/Src/cwlibx.c:472:6:lcd_print	144	static
