../Core/Src/cwlibx.c:28:10:exp	24	static
../Core/Src/cwlibx.c:37:13:init_custom_gpio_ports	40	static
../Core/Src/cwlibx.c:59:6:decode_convert_expand_encode	88	static
../Core/Src/cwlibx.c:119:6:init_custom_character_db	8	static
../Core/Src/cwlibx.c:140:6:auto_line_wrap	16	static
../Core/Src/cwlibx.c:158:6:auto_scroll	16	static
../Core/Src/cwlibx.c:173:6:text_insertion_point	16	static
../Core/Src/cwlibx.c:207:6:put_Ucursor	32	static
../Core/Src/cwlibx.c:247:6:test_font	8	static
../Core/Src/cwlibx.c:251:6:inverse_text	16	static
../Core/Src/cwlibx.c:269:6:def_v_bar_thickness	16	static
../Core/Src/cwlibx.c:284:6:define_custom_character	16	static
../Core/Src/cwlibx.c:297:6:draw_un_v_bar_graph	24	static
../Core/Src/cwlibx.c:332:6:draw_h_bar_graph	24	static
../Core/Src/cwlibx.c:356:6:put_pixel	16	static
../Core/Src/cwlibx.c:368:6:erase_pixel	16	static
../Core/Src/cwlibx.c:380:6:put_byte	40	static
../Core/Src/cwlibx.c:403:6:lcd_soft_reset	8	static
../Core/Src/cwlibx.c:414:6:clear_display	8	static
../Core/Src/cwlibx.c:432:6:enable_backlight	16	static
../Core/Src/cwlibx.c:450:6:set_backlight_brightness	16	static
../Core/Src/cwlibx.c:558:6:set_contrast	16	static
../Core/Src/cwlibx.c:576:6:disp_splash	16	static
../Core/Src/cwlibx.c:596:6:str_warper	32	static
../Core/Src/cwlibx.c:624:6:Custom_Character_masker	32	static
../Core/Src/cwlibx.c:641:6:clean_it	16	static
../Core/Src/cwlibx.c:644:6:custom_character_dealer	40	static
../Core/Src/cwlibx.c:668:6:lcd_print	264	static
