../Core/Src/cwlibx.c:28:10:exp	24	static
../Core/Src/cwlibx.c:36:6:gpio_custom_init	4	static
../Core/Src/cwlibx.c:60:6:init_custom_gpio_ports	40	static
../Core/Src/cwlibx.c:78:6:gpio_handler	24	static
../Core/Src/cwlibx.c:141:6:decode_convert_expand_encode	88	static
../Core/Src/cwlibx.c:197:6:init_custom_character_db	8	static
../Core/Src/cwlibx.c:218:6:auto_line_wrap	16	static
../Core/Src/cwlibx.c:236:6:auto_scroll	16	static
../Core/Src/cwlibx.c:251:6:text_insertion_point	16	static
../Core/Src/cwlibx.c:284:6:put_Ucursor	32	static
../Core/Src/cwlibx.c:338:6:test_font	8	static
../Core/Src/cwlibx.c:342:6:inverse_text	16	static
../Core/Src/cwlibx.c:360:6:def_v_bar_thickness	16	static
../Core/Src/cwlibx.c:375:6:define_custom_character	16	static
../Core/Src/cwlibx.c:388:6:draw_un_v_bar_graph	24	static
../Core/Src/cwlibx.c:429:6:draw_un_h_bar_graph	32	static
../Core/Src/cwlibx.c:452:6:put_pixel	16	static
../Core/Src/cwlibx.c:464:6:erase_pixel	16	static
../Core/Src/cwlibx.c:477:6:put_byte	40	static
../Core/Src/cwlibx.c:499:6:lcd_soft_reset	8	static
../Core/Src/cwlibx.c:510:6:clear_display	8	static
../Core/Src/cwlibx.c:528:6:enable_backlight	16	static
../Core/Src/cwlibx.c:546:6:set_backlight_brightness	16	static
../Core/Src/cwlibx.c:654:6:set_contrast	16	static
../Core/Src/cwlibx.c:672:6:disp_splash	16	static
../Core/Src/cwlibx.c:692:6:str_warper	32	static
../Core/Src/cwlibx.c:719:6:Custom_Character_masker	32	static
../Core/Src/cwlibx.c:736:6:clean_it	16	static
../Core/Src/cwlibx.c:739:6:custom_character_dealer	40	static
../Core/Src/cwlibx.c:764:6:lcd_print	264	static
