../Core/Src/csrc/mui_u8g2.c:139:13:u8g2_DrawCheckbox	32	static
../Core/Src/csrc/mui_u8g2.c:149:13:u8g2_DrawValueMark	32	static
../Core/Src/csrc/mui_u8g2.c:159:13:mui_get_x	16	static
../Core/Src/csrc/mui_u8g2.c:166:13:mui_get_y	16	static
../Core/Src/csrc/mui_u8g2.c:171:9:mui_get_U8g2	16	static
../Core/Src/csrc/mui_u8g2.c:177:6:mui_u8g2_draw_button_utf	48	static
../Core/Src/csrc/mui_u8g2.c:184:13:mui_u8g2_get_pi_flags	24	static
../Core/Src/csrc/mui_u8g2.c:199:6:mui_u8g2_draw_button_pi	32	static
../Core/Src/csrc/mui_u8g2.c:205:13:mui_u8g2_get_fi_flags	24	static
../Core/Src/csrc/mui_u8g2.c:219:6:mui_u8g2_draw_button_fi	32	static
../Core/Src/csrc/mui_u8g2.c:225:13:mui_u8g2_get_pf_flags	24	static
../Core/Src/csrc/mui_u8g2.c:239:6:mui_u8g2_draw_button_pf	32	static
../Core/Src/csrc/mui_u8g2.c:245:13:mui_u8g2_get_if_flags	24	static
../Core/Src/csrc/mui_u8g2.c:267:6:mui_u8g2_draw_button_if	32	static
../Core/Src/csrc/mui_u8g2.c:274:16:mui_u8g2_handle_scroll_next_prev_events	24	static
../Core/Src/csrc/mui_u8g2.c:328:9:mui_u8g2_draw_text	24	static
../Core/Src/csrc/mui_u8g2.c:379:9:mui_u8g2_btn_goto_wm_fi	24	static
../Core/Src/csrc/mui_u8g2.c:405:9:mui_u8g2_btn_goto_wm_if	24	static
../Core/Src/csrc/mui_u8g2.c:431:9:mui_u8g2_btn_goto_w2_fi	32	static
../Core/Src/csrc/mui_u8g2.c:457:9:mui_u8g2_btn_goto_w2_if	32	static
../Core/Src/csrc/mui_u8g2.c:510:9:mui_u8g2_btn_exit_wm_fi	32	static
../Core/Src/csrc/mui_u8g2.c:542:9:mui_u8g2_btn_goto_w1_pi	32	static
../Core/Src/csrc/mui_u8g2.c:570:9:mui_u8g2_btn_goto_w1_fi	32	static
../Core/Src/csrc/mui_u8g2.c:601:13:mui_u8g2_u8_vmm_draw_wm_pi	48	static
../Core/Src/csrc/mui_u8g2.c:630:9:mui_u8g2_u8_min_max_wm_mse_pi	32	static
../Core/Src/csrc/mui_u8g2.c:661:9:mui_u8g2_u8_min_max_wm_mud_pi	32	static
../Core/Src/csrc/mui_u8g2.c:714:13:mui_u8g2_u8_vmm_draw_wm_pf	48	static
../Core/Src/csrc/mui_u8g2.c:743:9:mui_u8g2_u8_min_max_wm_mse_pf	32	static
../Core/Src/csrc/mui_u8g2.c:774:9:mui_u8g2_u8_min_max_wm_mud_pf	32	static
../Core/Src/csrc/mui_u8g2.c:828:9:mui_is_valid_char	16	static
../Core/Src/csrc/mui_u8g2.c:843:9:mui_u8g2_u8_char_wm_mud_pi	32	static
../Core/Src/csrc/mui_u8g2.c:928:9:mui_u8g2_u8_opt_line_wa_mse_pi	24	static
../Core/Src/csrc/mui_u8g2.c:966:9:mui_u8g2_u8_opt_line_wa_mse_pf	24	static
../Core/Src/csrc/mui_u8g2.c:1002:9:mui_u8g2_u8_opt_line_wa_mud_pi	24	static
../Core/Src/csrc/mui_u8g2.c:1055:9:mui_u8g2_u8_opt_line_wa_mud_pf	24	static
../Core/Src/csrc/mui_u8g2.c:1134:9:mui_u8g2_u8_chkbox_wm_pi	56	static
../Core/Src/csrc/mui_u8g2.c:1189:9:mui_u8g2_u8_radio_wm_pi	56	static
../Core/Src/csrc/mui_u8g2.c:1241:9:mui_u8g2_u8_opt_parent_wm_mse_pi	24	static
../Core/Src/csrc/mui_u8g2.c:1277:9:mui_u8g2_u8_opt_child_mse_common	24	static
../Core/Src/csrc/mui_u8g2.c:1320:9:mui_u8g2_u8_opt_radio_child_wm_mse_pi	56	static
../Core/Src/csrc/mui_u8g2.c:1365:9:mui_u8g2_u8_opt_radio_child_w1_mse_pi	56	static
../Core/Src/csrc/mui_u8g2.c:1411:9:mui_u8g2_u8_opt_child_wm_mse_pi	48	static
../Core/Src/csrc/mui_u8g2.c:1457:9:mui_u8g2_goto_parent	16	static
../Core/Src/csrc/mui_u8g2.c:1486:9:mui_u8g2_goto_child_w1_mse_pi	32	static
../Core/Src/csrc/mui_u8g2.c:1510:9:mui_u8g2_u16_list_line_wa_mse_pi	48	static
../Core/Src/csrc/mui_u8g2.c:1546:9:mui_u8g2_u16_list_line_wa_mud_pi	48	static
../Core/Src/csrc/mui_u8g2.c:1604:9:mui_u8g2_u16_list_parent_wm_mse_pi	32	static
../Core/Src/csrc/mui_u8g2.c:1638:16:mui_u8g2_u16_list_child_mse_common	40	static
../Core/Src/csrc/mui_u8g2.c:1684:9:mui_u8g2_u16_list_child_w1_mse_pi	80	static
../Core/Src/csrc/mui_u8g2.c:1724:9:mui_u8g2_u16_list_goto_w1_mse_pi	48	static
