../Core/Src/csrc/u8g2_font.c:116:16:u8g2_font_get_byte	16	static
../Core/Src/csrc/u8g2_font.c:122:17:u8g2_font_get_word	24	static
../Core/Src/csrc/u8g2_font.c:134:6:u8g2_read_font_info	16	static
../Core/Src/csrc/u8g2_font.c:171:8:u8g2_GetFontSize	24	static
../Core/Src/csrc/u8g2_font.c:203:9:u8g2_GetFontBBXWidth	16	static
../Core/Src/csrc/u8g2_font.c:207:9:u8g2_GetFontBBXHeight	16	static
../Core/Src/csrc/u8g2_font.c:212:8:u8g2_GetFontBBXOffX	16	static
../Core/Src/csrc/u8g2_font.c:217:8:u8g2_GetFontBBXOffY	16	static
../Core/Src/csrc/u8g2_font.c:222:9:u8g2_GetFontCapitalAHeight	16	static
../Core/Src/csrc/u8g2_font.c:230:9:u8g2_font_decode_get_unsigned_bits	24	static
../Core/Src/csrc/u8g2_font.c:272:8:u8g2_font_decode_get_signed_bits	24	static
../Core/Src/csrc/u8g2_font.c:284:13:u8g2_add_vector_y	16	static
../Core/Src/csrc/u8g2_font.c:302:13:u8g2_add_vector_x	16	static
../Core/Src/csrc/u8g2_font.c:369:6:u8g2_font_decode_len	40	static
../Core/Src/csrc/u8g2_font.c:454:13:u8g2_font_setup_decode	24	static
../Core/Src/csrc/u8g2_font.c:488:8:u8g2_font_decode_glyph	48	static
../Core/Src/csrc/u8g2_font.c:598:16:u8g2_font_get_glyph_data	32	static
../Core/Src/csrc/u8g2_font.c:672:20:u8g2_font_draw_glyph	32	static
../Core/Src/csrc/u8g2_font.c:686:9:u8g2_IsGlyph	16	static
../Core/Src/csrc/u8g2_font.c:694:8:u8g2_GetGlyphWidth	24	static
../Core/Src/csrc/u8g2_font.c:719:6:u8g2_SetFontMode	16	static
../Core/Src/csrc/u8g2_font.c:723:13:u8g2_DrawGlyph	24	static
../Core/Src/csrc/u8g2_font.c:748:20:u8g2_draw_string	32	static
../Core/Src/csrc/u8g2_font.c:794:13:u8g2_DrawStr	24	static
../Core/Src/csrc/u8g2_font.c:810:13:u8g2_DrawUTF8	24	static
../Core/Src/csrc/u8g2_font.c:816:13:u8g2_DrawExtendedUTF8	40	static
../Core/Src/csrc/u8g2_font.c:855:13:u8g2_DrawExtUTF8	40	static
../Core/Src/csrc/u8g2_font.c:902:6:u8g2_UpdateRefHeight	16	static
../Core/Src/csrc/u8g2_font.c:923:6:u8g2_SetFontRefHeightText	16	static
../Core/Src/csrc/u8g2_font.c:928:6:u8g2_SetFontRefHeightExtendedText	16	static
../Core/Src/csrc/u8g2_font.c:933:6:u8g2_SetFontRefHeightAll	16	static
../Core/Src/csrc/u8g2_font.c:941:13:u8g2_font_calc_vref_font	16	static
../Core/Src/csrc/u8g2_font.c:945:6:u8g2_SetFontPosBaseline	16	static
../Core/Src/csrc/u8g2_font.c:949:13:u8g2_font_calc_vref_bottom	16	static
../Core/Src/csrc/u8g2_font.c:953:6:u8g2_SetFontPosBottom	16	static
../Core/Src/csrc/u8g2_font.c:957:13:u8g2_font_calc_vref_top	24	static
../Core/Src/csrc/u8g2_font.c:965:6:u8g2_SetFontPosTop	16	static
../Core/Src/csrc/u8g2_font.c:969:13:u8g2_font_calc_vref_center	24	static
../Core/Src/csrc/u8g2_font.c:978:6:u8g2_SetFontPosCenter	16	static
../Core/Src/csrc/u8g2_font.c:984:6:u8g2_SetFont	16	static
../Core/Src/csrc/u8g2_font.c:1000:16:u8g2_is_all_valid	24	static
../Core/Src/csrc/u8g2_font.c:1016:9:u8g2_IsAllValidUTF8	16	static
../Core/Src/csrc/u8g2_font.c:1023:20:u8g2_string_width	24	static
../Core/Src/csrc/u8g2_font.c:1074:13:u8g2_GetGlyphHorizontalProperties	32	static
../Core/Src/csrc/u8g2_font.c:1092:8:u8g2_GetStrX	32	static
../Core/Src/csrc/u8g2_font.c:1194:13:u8g2_GetStrWidth	16	static
../Core/Src/csrc/u8g2_font.c:1217:13:u8g2_GetUTF8Width	16	static
../Core/Src/csrc/u8g2_font.c:1222:6:u8g2_SetFontDirection	16	static
